[INFO] Scanning for projects...
[INFO] 
[INFO] -----------------------< com.studymate:backend >------------------------
[INFO] Building backend 0.0.1-SNAPSHOT
[INFO]   from pom.xml
[INFO] --------------------------------[ jar ]---------------------------------
Downloading from central: https://repo.maven.apache.org/maven2/org/projectlombok/lombok/1.18.40/lombok-1.18.40.pom
Progress (1): 1.1 kB
Progress (1): 1.5 kB
                    
Downloaded from central: https://repo.maven.apache.org/maven2/org/projectlombok/lombok/1.18.40/lombok-1.18.40.pom (1.5 kB at 898 B/s)
Downloading from central: https://repo.maven.apache.org/maven2/org/projectlombok/lombok/1.18.40/lombok-1.18.40.jar
Progress (1): 0/2.0 MB
Progress (1): 0/2.0 MB
Progress (1): 0/2.0 MB
Progress (1): 0/2.0 MB
Progress (1): 0/2.0 MB
Progress (1): 0/2.0 MB
Progress (1): 0/2.0 MB
Progress (1): 0/2.0 MB
Progress (1): 0/2.0 MB
Progress (1): 0/2.0 MB
Progress (1): 0/2.0 MB
Progress (1): 0/2.0 MB
Progress (1): 0/2.0 MB
Progress (1): 0/2.0 MB
Progress (1): 0/2.0 MB
Progress (1): 0/2.0 MB
Progress (1): 0/2.0 MB
Progress (1): 0/2.0 MB
Progress (1): 0/2.0 MB
Progress (1): 0/2.0 MB
Progress (1): 0/2.0 MB
Progress (1): 0/2.0 MB
Progress (1): 0/2.0 MB
Progress (1): 0/2.0 MB
Progress (1): 0/2.0 MB
Progress (1): 0/2.0 MB
Progress (1): 0/2.0 MB
Progress (1): 0/2.0 MB
Progress (1): 0/2.0 MB
Progress (1): 0/2.0 MB
Progress (1): 0/2.0 MB
Progress (1): 0/2.0 MB
Progress (1): 0/2.0 MB
Progress (1): 0/2.0 MB
Progress (1): 0/2.0 MB
Progress (1): 0/2.0 MB
Progress (1): 0.1/2.0 MB
Progress (1): 0.1/2.0 MB
Progress (1): 0.1/2.0 MB
Progress (1): 0.1/2.0 MB
Progress (1): 0.1/2.0 MB
Progress (1): 0.1/2.0 MB
Progress (1): 0.1/2.0 MB
Progress (1): 0.1/2.0 MB
Progress (1): 0.1/2.0 MB
Progress (1): 0.1/2.0 MB
Progress (1): 0.1/2.0 MB
Progress (1): 0.1/2.0 MB
Progress (1): 0.1/2.0 MB
Progress (1): 0.1/2.0 MB
Progress (1): 0.1/2.0 MB
Progress (1): 0.1/2.0 MB
Progress (1): 0.1/2.0 MB
Progress (1): 0.1/2.0 MB
Progress (1): 0.1/2.0 MB
Progress (1): 0.1/2.0 MB
Progress (1): 0.1/2.0 MB
Progress (1): 0.1/2.0 MB
Progress (1): 0.1/2.0 MB
Progress (1): 0.1/2.0 MB
Progress (1): 0.1/2.0 MB
Progress (1): 0.2/2.0 MB
Progress (1): 0.2/2.0 MB
Progress (1): 0.2/2.0 MB
Progress (1): 0.2/2.0 MB
Progress (1): 0.2/2.0 MB
Progress (1): 0.2/2.0 MB
Progress (1): 0.2/2.0 MB
Progress (1): 0.2/2.0 MB
Progress (1): 0.2/2.0 MB
Progress (1): 0.2/2.0 MB
Progress (1): 0.2/2.0 MB
Progress (1): 0.2/2.0 MB
Progress (1): 0.2/2.0 MB
Progress (1): 0.2/2.0 MB
Progress (1): 0.2/2.0 MB
Progress (1): 0.2/2.0 MB
Progress (1): 0.2/2.0 MB
Progress (1): 0.2/2.0 MB
Progress (1): 0.2/2.0 MB
Progress (1): 0.3/2.0 MB
Progress (1): 0.3/2.0 MB
Progress (1): 0.3/2.0 MB
Progress (1): 0.3/2.0 MB
Progress (1): 0.3/2.0 MB
Progress (1): 0.3/2.0 MB
Progress (1): 0.3/2.0 MB
Progress (1): 0.4/2.0 MB
Progress (1): 0.4/2.0 MB
Progress (1): 0.4/2.0 MB
Progress (1): 0.4/2.0 MB
Progress (1): 0.4/2.0 MB
Progress (1): 0.4/2.0 MB
Progress (1): 0.5/2.0 MB
Progress (1): 0.5/2.0 MB
Progress (1): 0.5/2.0 MB
Progress (1): 0.5/2.0 MB
Progress (1): 0.5/2.0 MB
Progress (1): 0.5/2.0 MB
Progress (1): 0.5/2.0 MB
Progress (1): 0.6/2.0 MB
Progress (1): 0.6/2.0 MB
Progress (1): 0.6/2.0 MB
Progress (1): 0.6/2.0 MB
Progress (1): 0.6/2.0 MB
Progress (1): 0.6/2.0 MB
Progress (1): 0.7/2.0 MB
Progress (1): 0.7/2.0 MB
Progress (1): 0.7/2.0 MB
Progress (1): 0.7/2.0 MB
Progress (1): 0.7/2.0 MB
Progress (1): 0.7/2.0 MB
Progress (1): 0.8/2.0 MB
Progress (1): 0.8/2.0 MB
Progress (1): 0.8/2.0 MB
Progress (1): 0.8/2.0 MB
Progress (1): 0.8/2.0 MB
Progress (1): 0.8/2.0 MB
Progress (1): 0.9/2.0 MB
Progress (1): 0.9/2.0 MB
Progress (1): 0.9/2.0 MB
Progress (1): 0.9/2.0 MB
Progress (1): 0.9/2.0 MB
Progress (1): 0.9/2.0 MB
Progress (1): 1.0/2.0 MB
Progress (1): 1.0/2.0 MB
Progress (1): 1.0/2.0 MB
Progress (1): 1.0/2.0 MB
Progress (1): 1.0/2.0 MB
Progress (1): 1.0/2.0 MB
Progress (1): 1.1/2.0 MB
Progress (1): 1.1/2.0 MB
Progress (1): 1.1/2.0 MB
Progress (1): 1.1/2.0 MB
Progress (1): 1.1/2.0 MB
Progress (1): 1.1/2.0 MB
Progress (1): 1.2/2.0 MB
Progress (1): 1.2/2.0 MB
Progress (1): 1.2/2.0 MB
Progress (1): 1.2/2.0 MB
Progress (1): 1.2/2.0 MB
Progress (1): 1.2/2.0 MB
Progress (1): 1.3/2.0 MB
Progress (1): 1.3/2.0 MB
Progress (1): 1.3/2.0 MB
Progress (1): 1.3/2.0 MB
Progress (1): 1.3/2.0 MB
Progress (1): 1.3/2.0 MB
Progress (1): 1.3/2.0 MB
Progress (1): 1.4/2.0 MB
Progress (1): 1.4/2.0 MB
Progress (1): 1.4/2.0 MB
Progress (1): 1.4/2.0 MB
Progress (1): 1.4/2.0 MB
Progress (1): 1.4/2.0 MB
Progress (1): 1.5/2.0 MB
Progress (1): 1.5/2.0 MB
Progress (1): 1.5/2.0 MB
Progress (1): 1.5/2.0 MB
Progress (1): 1.5/2.0 MB
Progress (1): 1.5/2.0 MB
Progress (1): 1.6/2.0 MB
Progress (1): 1.6/2.0 MB
Progress (1): 1.6/2.0 MB
Progress (1): 1.6/2.0 MB
Progress (1): 1.6/2.0 MB
Progress (1): 1.6/2.0 MB
Progress (1): 1.7/2.0 MB
Progress (1): 1.7/2.0 MB
Progress (1): 1.7/2.0 MB
Progress (1): 1.7/2.0 MB
Progress (1): 1.7/2.0 MB
Progress (1): 1.7/2.0 MB
Progress (1): 1.8/2.0 MB
Progress (1): 1.8/2.0 MB
Progress (1): 1.8/2.0 MB
Progress (1): 1.8/2.0 MB
Progress (1): 1.8/2.0 MB
Progress (1): 1.8/2.0 MB
Progress (1): 1.9/2.0 MB
Progress (1): 1.9/2.0 MB
Progress (1): 1.9/2.0 MB
Progress (1): 1.9/2.0 MB
Progress (1): 1.9/2.0 MB
Progress (1): 1.9/2.0 MB
Progress (1): 2.0/2.0 MB
Progress (1): 2.0/2.0 MB
Progress (1): 2.0/2.0 MB
Progress (1): 2.0/2.0 MB
Progress (1): 2.0/2.0 MB
Progress (1): 2.0 MB    
                    
Downloaded from central: https://repo.maven.apache.org/maven2/org/projectlombok/lombok/1.18.40/lombok-1.18.40.jar (2.0 MB at 3.1 MB/s)
[INFO] 
[INFO] --- resources:3.3.1:resources (default-resources) @ backend ---
[INFO] Copying 1 resource from src\main\resources to target\classes
[INFO] Copying 0 resource from src\main\resources to target\classes
[INFO] 
[INFO] --- compiler:3.11.0:compile (default-compile) @ backend ---
[INFO] Changes detected - recompiling the module! :dependency
[INFO] Compiling 9 source files with javac [debug release 17] to target\classes
[INFO] 
[INFO] --- resources:3.3.1:testResources (default-testResources) @ backend ---
[INFO] skip non existing resourceDirectory C:\Users\chait\OneDrive\Desktop\Java Full Stack\Java Full Stack\backend\src\test\resources
[INFO] 
[INFO] --- compiler:3.11.0:testCompile (default-testCompile) @ backend ---
[INFO] Changes detected - recompiling the module! :dependency
[INFO] Compiling 1 source file with javac [debug release 17] to target\test-classes
[INFO] 
[INFO] --- surefire:3.2.5:test (default-test) @ backend ---
[INFO] Using auto detected provider org.apache.maven.surefire.junitplatform.JUnitPlatformProvider
Downloading from central: https://repo.maven.apache.org/maven2/org/apache/maven/surefire/surefire-junit-platform/3.2.5/surefire-junit-platform-3.2.5.pom
Progress (1): 846 B
Progress (1): 3.5 kB
Progress (1): 4.7 kB
                    
Downloaded from central: https://repo.maven.apache.org/maven2/org/apache/maven/surefire/surefire-junit-platform/3.2.5/surefire-junit-platform-3.2.5.pom (4.7 kB at 32 kB/s)
Downloading from central: https://repo.maven.apache.org/maven2/org/apache/maven/surefire/surefire-providers/3.2.5/surefire-providers-3.2.5.pom
Progress (1): 849 B
Progress (1): 2.6 kB
                    
Downloaded from central: https://repo.maven.apache.org/maven2/org/apache/maven/surefire/surefire-providers/3.2.5/surefire-providers-3.2.5.pom (2.6 kB at 16 kB/s)
Downloading from central: https://repo.maven.apache.org/maven2/org/apache/maven/surefire/common-java5/3.2.5/common-java5-3.2.5.pom
Progress (1): 849 B
Progress (1): 2.6 kB
Progress (1): 2.8 kB
                    
Downloaded from central: https://repo.maven.apache.org/maven2/org/apache/maven/surefire/common-java5/3.2.5/common-java5-3.2.5.pom (2.8 kB at 17 kB/s)
Downloading from central: https://repo.maven.apache.org/maven2/org/junit/platform/junit-platform-launcher/1.9.3/junit-platform-launcher-1.9.3.pom
Progress (1): 966 B
Progress (1): 3.0 kB
                    
Downloaded from central: https://repo.maven.apache.org/maven2/org/junit/platform/junit-platform-launcher/1.9.3/junit-platform-launcher-1.9.3.pom (3.0 kB at 22 kB/s)
Downloading from central: https://repo.maven.apache.org/maven2/org/junit/platform/junit-platform-engine/1.9.3/junit-platform-engine-1.9.3.pom
Progress (1): 957 B
Progress (1): 3.2 kB
                    
Downloaded from central: https://repo.maven.apache.org/maven2/org/junit/platform/junit-platform-engine/1.9.3/junit-platform-engine-1.9.3.pom (3.2 kB at 23 kB/s)
Downloading from central: https://repo.maven.apache.org/maven2/org/opentest4j/opentest4j/1.2.0/opentest4j-1.2.0.pom
Progress (1): 1.2 kB
Progress (1): 1.7 kB
                    
Downloaded from central: https://repo.maven.apache.org/maven2/org/opentest4j/opentest4j/1.2.0/opentest4j-1.2.0.pom (1.7 kB at 12 kB/s)
Downloading from central: https://repo.maven.apache.org/maven2/org/junit/platform/junit-platform-commons/1.9.3/junit-platform-commons-1.9.3.pom
Progress (1): 971 B
Progress (1): 2.8 kB
                    
Downloaded from central: https://repo.maven.apache.org/maven2/org/junit/platform/junit-platform-commons/1.9.3/junit-platform-commons-1.9.3.pom (2.8 kB at 17 kB/s)
Downloading from central: https://repo.maven.apache.org/maven2/org/apache/maven/surefire/surefire-junit-platform/3.2.5/surefire-junit-platform-3.2.5.jar
Progress (1): 16/27 kB
Progress (1): 25/27 kB
Progress (1): 27 kB   
                   
Downloaded from central: https://repo.maven.apache.org/maven2/org/apache/maven/surefire/surefire-junit-platform/3.2.5/surefire-junit-platform-3.2.5.jar (27 kB at 42 kB/s)
Downloading from central: https://repo.maven.apache.org/maven2/org/apache/maven/surefire/common-java5/3.2.5/common-java5-3.2.5.jar
Downloading from central: https://repo.maven.apache.org/maven2/org/junit/platform/junit-platform-launcher/1.9.3/junit-platform-launcher-1.9.3.jar
Downloading from central: https://repo.maven.apache.org/maven2/org/junit/platform/junit-platform-engine/1.9.3/junit-platform-engine-1.9.3.jar
Downloading from central: https://repo.maven.apache.org/maven2/org/opentest4j/opentest4j/1.2.0/opentest4j-1.2.0.jar
Downloading from central: https://repo.maven.apache.org/maven2/org/junit/platform/junit-platform-commons/1.9.3/junit-platform-commons-1.9.3.jar
Progress (1): 7.7/18 kB
Progress (1): 7.7/18 kB
Progress (1): 18 kB    
Progress (2): 18 kB | 0.9/7.7 kB
Progress (2): 18 kB | 2.3/7.7 kB
Progress (2): 18 kB | 3.1/7.7 kB
Progress (2): 18 kB | 4.5/7.7 kB
Progress (2): 18 kB | 5.9/7.7 kB
Progress (2): 18 kB | 7.3/7.7 kB
Progress (2): 18 kB | 7.7 kB    
Progress (3): 18 kB | 7.7 kB | 0.9/169 kB
Progress (3): 18 kB | 7.7 kB | 2.3/169 kB
Progress (3): 18 kB | 7.7 kB | 3.6/169 kB
Progress (3): 18 kB | 7.7 kB | 5.0/169 kB
Progress (3): 18 kB | 7.7 kB | 6.4/169 kB
Progress (3): 18 kB | 7.7 kB | 7.7/169 kB
Progress (3): 18 kB | 7.7 kB | 9.1/169 kB
Progress (3): 18 kB | 7.7 kB | 10/169 kB 
Progress (3): 18 kB | 7.7 kB | 12/169 kB
Progress (3): 18 kB | 7.7 kB | 12/169 kB
Progress (3): 18 kB | 7.7 kB | 14/169 kB
Progress (3): 18 kB | 7.7 kB | 15/169 kB
Progress (3): 18 kB | 7.7 kB | 16/169 kB
Progress (3): 18 kB | 7.7 kB | 18/169 kB
Progress (3): 18 kB | 7.7 kB | 19/169 kB
Progress (3): 18 kB | 7.7 kB | 21/169 kB
Progress (3): 18 kB | 7.7 kB | 22/169 kB
Progress (3): 18 kB | 7.7 kB | 23/169 kB
Progress (3): 18 kB | 7.7 kB | 25/169 kB
Progress (3): 18 kB | 7.7 kB | 26/169 kB
Progress (3): 18 kB | 7.7 kB | 27/169 kB
Progress (3): 18 kB | 7.7 kB | 29/169 kB
Progress (3): 18 kB | 7.7 kB | 30/169 kB
Progress (3): 18 kB | 7.7 kB | 31/169 kB
Progress (3): 18 kB | 7.7 kB | 33/169 kB
Progress (3): 18 kB | 7.7 kB | 34/169 kB
Progress (3): 18 kB | 7.7 kB | 36/169 kB
Progress (3): 18 kB | 7.7 kB | 37/169 kB
Progress (3): 18 kB | 7.7 kB | 38/169 kB
Progress (3): 18 kB | 7.7 kB | 40/169 kB
Progress (3): 18 kB | 7.7 kB | 41/169 kB
Progress (3): 18 kB | 7.7 kB | 42/169 kB
Progress (3): 18 kB | 7.7 kB | 44/169 kB
Progress (3): 18 kB | 7.7 kB | 45/169 kB
Progress (3): 18 kB | 7.7 kB | 47/169 kB
Progress (3): 18 kB | 7.7 kB | 48/169 kB
Progress (3): 18 kB | 7.7 kB | 49/169 kB
Progress (3): 18 kB | 7.7 kB | 51/169 kB
Progress (3): 18 kB | 7.7 kB | 52/169 kB
Progress (3): 18 kB | 7.7 kB | 53/169 kB
Progress (3): 18 kB | 7.7 kB | 55/169 kB
Progress (3): 18 kB | 7.7 kB | 59/169 kB
Progress (4): 18 kB | 7.7 kB | 59/169 kB | 0.9/103 kB
Progress (4): 18 kB | 7.7 kB | 59/169 kB | 2.3/103 kB
Progress (4): 18 kB | 7.7 kB | 59/169 kB | 3.6/103 kB
Progress (4): 18 kB | 7.7 kB | 59/169 kB | 5.0/103 kB
Progress (4): 18 kB | 7.7 kB | 59/169 kB | 6.4/103 kB
Progress (4): 18 kB | 7.7 kB | 59/169 kB | 7.7/103 kB
Progress (4): 18 kB | 7.7 kB | 59/169 kB | 9.1/103 kB
Progress (4): 18 kB | 7.7 kB | 59/169 kB | 10/103 kB 
Progress (4): 18 kB | 7.7 kB | 59/169 kB | 12/103 kB
Progress (4): 18 kB | 7.7 kB | 59/169 kB | 13/103 kB
Progress (4): 18 kB | 7.7 kB | 59/169 kB | 15/103 kB
Progress (4): 18 kB | 7.7 kB | 59/169 kB | 16/103 kB
Progress (4): 18 kB | 7.7 kB | 59/169 kB | 17/103 kB
Progress (4): 18 kB | 7.7 kB | 59/169 kB | 19/103 kB
Progress (4): 18 kB | 7.7 kB | 59/169 kB | 20/103 kB
Progress (4): 18 kB | 7.7 kB | 59/169 kB | 21/103 kB
Progress (4): 18 kB | 7.7 kB | 59/169 kB | 23/103 kB
Progress (4): 18 kB | 7.7 kB | 59/169 kB | 24/103 kB
Progress (4): 18 kB | 7.7 kB | 59/169 kB | 25/103 kB
Progress (4): 18 kB | 7.7 kB | 59/169 kB | 27/103 kB
Progress (4): 18 kB | 7.7 kB | 59/169 kB | 28/103 kB
Progress (4): 18 kB | 7.7 kB | 59/169 kB | 30/103 kB
Progress (4): 18 kB | 7.7 kB | 59/169 kB | 31/103 kB
Progress (4): 18 kB | 7.7 kB | 59/169 kB | 32/103 kB
Progress (4): 18 kB | 7.7 kB | 59/169 kB | 34/103 kB
Progress (4): 18 kB | 7.7 kB | 59/169 kB | 35/103 kB
Progress (4): 18 kB | 7.7 kB | 59/169 kB | 36/103 kB
Progress (4): 18 kB | 7.7 kB | 59/169 kB | 38/103 kB
Progress (4): 18 kB | 7.7 kB | 59/169 kB | 39/103 kB
Progress (4): 18 kB | 7.7 kB | 59/169 kB | 41/103 kB
Progress (4): 18 kB | 7.7 kB | 59/169 kB | 42/103 kB
Progress (4): 18 kB | 7.7 kB | 59/169 kB | 43/103 kB
Progress (4): 18 kB | 7.7 kB | 59/169 kB | 45/103 kB
Progress (4): 18 kB | 7.7 kB | 59/169 kB | 46/103 kB
Progress (4): 18 kB | 7.7 kB | 59/169 kB | 47/103 kB
Progress (4): 18 kB | 7.7 kB | 59/169 kB | 49/103 kB
Progress (4): 18 kB | 7.7 kB | 59/169 kB | 50/103 kB
Progress (4): 18 kB | 7.7 kB | 59/169 kB | 51/103 kB
Progress (4): 18 kB | 7.7 kB | 59/169 kB | 53/103 kB
Progress (4): 18 kB | 7.7 kB | 59/169 kB | 54/103 kB
Progress (4): 18 kB | 7.7 kB | 59/169 kB | 56/103 kB
Progress (4): 18 kB | 7.7 kB | 59/169 kB | 60/103 kB
Progress (4): 18 kB | 7.7 kB | 63/169 kB | 60/103 kB
Progress (4): 18 kB | 7.7 kB | 67/169 kB | 60/103 kB
Progress (4): 18 kB | 7.7 kB | 72/169 kB | 60/103 kB
Progress (4): 18 kB | 7.7 kB | 76/169 kB | 60/103 kB
Progress (4): 18 kB | 7.7 kB | 80/169 kB | 60/103 kB
Progress (4): 18 kB | 7.7 kB | 84/169 kB | 60/103 kB
Progress (4): 18 kB | 7.7 kB | 89/169 kB | 60/103 kB
Progress (4): 18 kB | 7.7 kB | 93/169 kB | 60/103 kB
Progress (4): 18 kB | 7.7 kB | 97/169 kB | 60/103 kB
Progress (4): 18 kB | 7.7 kB | 101/169 kB | 60/103 kB
Progress (4): 18 kB | 7.7 kB | 101/169 kB | 64/103 kB
Progress (4): 18 kB | 7.7 kB | 105/169 kB | 64/103 kB
Progress (4): 18 kB | 7.7 kB | 105/169 kB | 68/103 kB
Progress (4): 18 kB | 7.7 kB | 110/169 kB | 68/103 kB
Progress (4): 18 kB | 7.7 kB | 110/169 kB | 73/103 kB
Progress (4): 18 kB | 7.7 kB | 114/169 kB | 73/103 kB
Progress (5): 18 kB | 7.7 kB | 114/169 kB | 73/103 kB | 0.9/189 kB
Progress (5): 18 kB | 7.7 kB | 114/169 kB | 73/103 kB | 2.3/189 kB
Progress (5): 18 kB | 7.7 kB | 114/169 kB | 73/103 kB | 3.6/189 kB
Progress (5): 18 kB | 7.7 kB | 114/169 kB | 73/103 kB | 5.0/189 kB
Progress (5): 18 kB | 7.7 kB | 114/169 kB | 73/103 kB | 6.4/189 kB
Progress (5): 18 kB | 7.7 kB | 114/169 kB | 73/103 kB | 7.7/189 kB
Progress (5): 18 kB | 7.7 kB | 114/169 kB | 73/103 kB | 9.1/189 kB
Progress (5): 18 kB | 7.7 kB | 114/169 kB | 73/103 kB | 10/189 kB 
Progress (5): 18 kB | 7.7 kB | 114/169 kB | 73/103 kB | 11/189 kB
Progress (5): 18 kB | 7.7 kB | 114/169 kB | 73/103 kB | 13/189 kB
Progress (5): 18 kB | 7.7 kB | 114/169 kB | 73/103 kB | 14/189 kB
Progress (5): 18 kB | 7.7 kB | 114/169 kB | 73/103 kB | 15/189 kB
Progress (5): 18 kB | 7.7 kB | 114/169 kB | 73/103 kB | 17/189 kB
Progress (5): 18 kB | 7.7 kB | 114/169 kB | 77/103 kB | 17/189 kB
Progress (5): 18 kB | 7.7 kB | 114/169 kB | 77/103 kB | 18/189 kB
Progress (5): 18 kB | 7.7 kB | 114/169 kB | 81/103 kB | 18/189 kB
Progress (5): 18 kB | 7.7 kB | 118/169 kB | 81/103 kB | 18/189 kB
Progress (5): 18 kB | 7.7 kB | 118/169 kB | 81/103 kB | 20/189 kB
Progress (5): 18 kB | 7.7 kB | 118/169 kB | 81/103 kB | 21/189 kB
Progress (5): 18 kB | 7.7 kB | 118/169 kB | 81/103 kB | 22/189 kB
Progress (5): 18 kB | 7.7 kB | 118/169 kB | 81/103 kB | 24/189 kB
Progress (5): 18 kB | 7.7 kB | 118/169 kB | 85/103 kB | 24/189 kB
Progress (5): 18 kB | 7.7 kB | 118/169 kB | 85/103 kB | 25/189 kB
Progress (5): 18 kB | 7.7 kB | 118/169 kB | 85/103 kB | 26/189 kB
Progress (5): 18 kB | 7.7 kB | 118/169 kB | 89/103 kB | 26/189 kB
Progress (5): 18 kB | 7.7 kB | 118/169 kB | 89/103 kB | 28/189 kB
Progress (5): 18 kB | 7.7 kB | 118/169 kB | 89/103 kB | 29/189 kB
Progress (5): 18 kB | 7.7 kB | 118/169 kB | 94/103 kB | 29/189 kB
Progress (5): 18 kB | 7.7 kB | 118/169 kB | 94/103 kB | 31/189 kB
Progress (5): 18 kB | 7.7 kB | 118/169 kB | 94/103 kB | 32/189 kB
Progress (5): 18 kB | 7.7 kB | 118/169 kB | 94/103 kB | 33/189 kB
Progress (5): 18 kB | 7.7 kB | 118/169 kB | 94/103 kB | 35/189 kB
Progress (5): 18 kB | 7.7 kB | 118/169 kB | 94/103 kB | 36/189 kB
Progress (5): 18 kB | 7.7 kB | 118/169 kB | 94/103 kB | 37/189 kB
Progress (5): 18 kB | 7.7 kB | 118/169 kB | 94/103 kB | 39/189 kB
Progress (5): 18 kB | 7.7 kB | 118/169 kB | 94/103 kB | 40/189 kB
Progress (5): 18 kB | 7.7 kB | 118/169 kB | 94/103 kB | 41/189 kB
Progress (5): 18 kB | 7.7 kB | 118/169 kB | 94/103 kB | 43/189 kB
Progress (5): 18 kB | 7.7 kB | 118/169 kB | 94/103 kB | 44/189 kB
Progress (5): 18 kB | 7.7 kB | 118/169 kB | 94/103 kB | 46/189 kB
Progress (5): 18 kB | 7.7 kB | 118/169 kB | 94/103 kB | 47/189 kB
Progress (5): 18 kB | 7.7 kB | 118/169 kB | 94/103 kB | 48/189 kB
Progress (5): 18 kB | 7.7 kB | 118/169 kB | 94/103 kB | 50/189 kB
Progress (5): 18 kB | 7.7 kB | 118/169 kB | 94/103 kB | 51/189 kB
Progress (5): 18 kB | 7.7 kB | 118/169 kB | 94/103 kB | 52/189 kB
Progress (5): 18 kB | 7.7 kB | 118/169 kB | 94/103 kB | 54/189 kB
Progress (5): 18 kB | 7.7 kB | 118/169 kB | 94/103 kB | 55/189 kB
Progress (5): 18 kB | 7.7 kB | 118/169 kB | 98/103 kB | 55/189 kB
Progress (5): 18 kB | 7.7 kB | 118/169 kB | 98/103 kB | 59/189 kB
Progress (5): 18 kB | 7.7 kB | 118/169 kB | 102/103 kB | 59/189 kB
Progress (5): 18 kB | 7.7 kB | 118/169 kB | 103 kB | 59/189 kB    
Progress (5): 18 kB | 7.7 kB | 122/169 kB | 103 kB | 59/189 kB
Progress (5): 18 kB | 7.7 kB | 127/169 kB | 103 kB | 59/189 kB
Progress (5): 18 kB | 7.7 kB | 131/169 kB | 103 kB | 59/189 kB
Progress (5): 18 kB | 7.7 kB | 135/169 kB | 103 kB | 59/189 kB
Progress (5): 18 kB | 7.7 kB | 139/169 kB | 103 kB | 59/189 kB
Progress (5): 18 kB | 7.7 kB | 143/169 kB | 103 kB | 59/189 kB
Progress (5): 18 kB | 7.7 kB | 148/169 kB | 103 kB | 59/189 kB
Progress (5): 18 kB | 7.7 kB | 152/169 kB | 103 kB | 59/189 kB
Progress (5): 18 kB | 7.7 kB | 156/169 kB | 103 kB | 59/189 kB
Progress (5): 18 kB | 7.7 kB | 160/169 kB | 103 kB | 59/189 kB
Progress (5): 18 kB | 7.7 kB | 165/169 kB | 103 kB | 59/189 kB
Progress (5): 18 kB | 7.7 kB | 169/169 kB | 103 kB | 59/189 kB
Progress (5): 18 kB | 7.7 kB | 169 kB | 103 kB | 59/189 kB    
Progress (5): 18 kB | 7.7 kB | 169 kB | 103 kB | 64/189 kB
Progress (5): 18 kB | 7.7 kB | 169 kB | 103 kB | 68/189 kB
Progress (5): 18 kB | 7.7 kB | 169 kB | 103 kB | 72/189 kB
Progress (5): 18 kB | 7.7 kB | 169 kB | 103 kB | 76/189 kB
Progress (5): 18 kB | 7.7 kB | 169 kB | 103 kB | 81/189 kB
Progress (5): 18 kB | 7.7 kB | 169 kB | 103 kB | 85/189 kB
Progress (5): 18 kB | 7.7 kB | 169 kB | 103 kB | 89/189 kB
Progress (5): 18 kB | 7.7 kB | 169 kB | 103 kB | 93/189 kB
Progress (5): 18 kB | 7.7 kB | 169 kB | 103 kB | 97/189 kB
Progress (5): 18 kB | 7.7 kB | 169 kB | 103 kB | 102/189 kB
Progress (5): 18 kB | 7.7 kB | 169 kB | 103 kB | 106/189 kB
Progress (5): 18 kB | 7.7 kB | 169 kB | 103 kB | 110/189 kB
Progress (5): 18 kB | 7.7 kB | 169 kB | 103 kB | 114/189 kB
Progress (5): 18 kB | 7.7 kB | 169 kB | 103 kB | 119/189 kB
Progress (5): 18 kB | 7.7 kB | 169 kB | 103 kB | 123/189 kB
Progress (5): 18 kB | 7.7 kB | 169 kB | 103 kB | 127/189 kB
                                                           
Downloaded from central: https://repo.maven.apache.org/maven2/org/opentest4j/opentest4j/1.2.0/opentest4j-1.2.0.jar (7.7 kB at 19 kB/s)
Downloaded from central: https://repo.maven.apache.org/maven2/org/junit/platform/junit-platform-commons/1.9.3/junit-platform-commons-1.9.3.jar (103 kB at 245 kB/s)
Progress (3): 18 kB | 169 kB | 131/189 kB
Progress (3): 18 kB | 169 kB | 136/189 kB
Progress (3): 18 kB | 169 kB | 140/189 kB
Progress (3): 18 kB | 169 kB | 142/189 kB
Progress (3): 18 kB | 169 kB | 147/189 kB
Progress (3): 18 kB | 169 kB | 151/189 kB
Progress (3): 18 kB | 169 kB | 155/189 kB
Progress (3): 18 kB | 169 kB | 159/189 kB
Progress (3): 18 kB | 169 kB | 164/189 kB
Progress (3): 18 kB | 169 kB | 168/189 kB
Progress (3): 18 kB | 169 kB | 172/189 kB
Progress (3): 18 kB | 169 kB | 176/189 kB
Progress (3): 18 kB | 169 kB | 180/189 kB
                                         
Downloaded from central: https://repo.maven.apache.org/maven2/org/junit/platform/junit-platform-launcher/1.9.3/junit-platform-launcher-1.9.3.jar (169 kB at 379 kB/s)
Progress (2): 18 kB | 185/189 kB
Progress (2): 18 kB | 189/189 kB
Progress (2): 18 kB | 189 kB    
                            
Downloaded from central: https://repo.maven.apache.org/maven2/org/junit/platform/junit-platform-engine/1.9.3/junit-platform-engine-1.9.3.jar (189 kB at 344 kB/s)
Downloaded from central: https://repo.maven.apache.org/maven2/org/apache/maven/surefire/common-java5/3.2.5/common-java5-3.2.5.jar (18 kB at 26 kB/s)
Downloading from central: https://repo.maven.apache.org/maven2/org/junit/platform/junit-platform-launcher/1.10.2/junit-platform-launcher-1.10.2.pom
Progress (1): 967 B
Progress (1): 3.0 kB
                    
Downloaded from central: https://repo.maven.apache.org/maven2/org/junit/platform/junit-platform-launcher/1.10.2/junit-platform-launcher-1.10.2.pom (3.0 kB at 17 kB/s)
Downloading from central: https://repo.maven.apache.org/maven2/org/junit/platform/junit-platform-launcher/1.10.2/junit-platform-launcher-1.10.2.jar
Progress (1): 3.8/184 kB
Progress (1): 8.0/184 kB
Progress (1): 12/184 kB 
Progress (1): 16/184 kB
Progress (1): 21/184 kB
Progress (1): 37/184 kB
Progress (1): 53/184 kB
Progress (1): 61/184 kB
Progress (1): 77/184 kB
Progress (1): 93/184 kB
Progress (1): 110/184 kB
Progress (1): 126/184 kB
Progress (1): 142/184 kB
Progress (1): 159/184 kB
Progress (1): 175/184 kB
Progress (1): 184 kB    
                    
Downloaded from central: https://repo.maven.apache.org/maven2/org/junit/platform/junit-platform-launcher/1.10.2/junit-platform-launcher-1.10.2.jar (184 kB at 828 kB/s)
[INFO] 
[INFO] -------------------------------------------------------
[INFO]  T E S T S
[INFO] -------------------------------------------------------
[INFO] Running com.studymate.backend.BackendApplicationTests
Standard Commons Logging discovery in action with spring-jcl: please remove commons-logging.jar from classpath in order to avoid potential conflicts
14:27:17.788 [main] INFO org.springframework.test.context.support.AnnotationConfigContextLoaderUtils -- Could not detect default configuration classes for test class [com.studymate.backend.BackendApplicationTests]: BackendApplicationTests does not declare any static, non-private, non-final, nested classes annotated with @Configuration.
14:27:18.180 [main] INFO org.springframework.boot.test.context.SpringBootTestContextBootstrapper -- Found @SpringBootConfiguration com.studymate.backend.BackendApplication for test class com.studymate.backend.BackendApplicationTests
  .   ____          _            __ _ _
 /\\ / ___'_ __ _ _(_)_ __  __ _ \ \ \ \
( ( )\___ | '_ | '_| | '_ \/ _` | \ \ \ \
 \\/  ___)| |_)| | | | | || (_| |  ) ) ) )
  '  |____| .__|_| |_|_| |_\__, | / / / /
 =========|_|==============|___/=/_/_/_/

 :: Spring Boot ::                (v3.3.0)

2026-07-11T14:27:19.618+05:30  INFO 14548 --- [backend] [           main] c.s.backend.BackendApplicationTests      : Starting BackendApplicationTests using Java 25.0.1 with PID 14548 (started by chait in C:\Users\chait\OneDrive\Desktop\Java Full Stack\Java Full Stack\backend)
2026-07-11T14:27:19.625+05:30  INFO 14548 --- [backend] [           main] c.s.backend.BackendApplicationTests      : No active profile set, falling back to 1 default profile: "default"
2026-07-11T14:27:22.761+05:30  INFO 14548 --- [backend] [           main] .s.d.r.c.RepositoryConfigurationDelegate : Bootstrapping Spring Data JPA repositories in DEFAULT mode.
2026-07-11T14:27:22.963+05:30  INFO 14548 --- [backend] [           main] .s.d.r.c.RepositoryConfigurationDelegate : Finished Spring Data repository scanning in 174 ms. Found 1 JPA repository interface.
2026-07-11T14:27:24.678+05:30  INFO 14548 --- [backend] [           main] o.hibernate.jpa.internal.util.LogHelper  : HHH000204: Processing PersistenceUnitInfo [name: default]
2026-07-11T14:27:24.968+05:30  INFO 14548 --- [backend] [           main] org.hibernate.Version                    : HHH000412: Hibernate ORM core version 6.5.2.Final
2026-07-11T14:27:25.136+05:30  INFO 14548 --- [backend] [           main] o.h.c.internal.RegionFactoryInitiator    : HHH000026: Second-level cache disabled
2026-07-11T14:27:26.262+05:30  INFO 14548 --- [backend] [           main] o.s.o.j.p.SpringPersistenceUnitInfo      : No LoadTimeWeaver setup: ignoring JPA class transformer
2026-07-11T14:27:26.338+05:30  INFO 14548 --- [backend] [           main] com.zaxxer.hikari.HikariDataSource       : HikariPool-1 - Starting...
2026-07-11T14:27:26.993+05:30  INFO 14548 --- [backend] [           main] com.zaxxer.hikari.pool.HikariPool        : HikariPool-1 - Added connection conn0: url=jdbc:h2:mem:studymatedb user=SA
2026-07-11T14:27:26.997+05:30  INFO 14548 --- [backend] [           main] com.zaxxer.hikari.HikariDataSource       : HikariPool-1 - Start completed.
2026-07-11T14:27:27.084+05:30  WARN 14548 --- [backend] [           main] org.hibernate.orm.deprecation            : HHH90000025: H2Dialect does not need to be specified explicitly using 'hibernate.dialect' (remove the property setting and it will be selected by default)
2026-07-11T14:27:30.251+05:30  INFO 14548 --- [backend] [           main] o.h.e.t.j.p.i.JtaPlatformInitiator       : HHH000489: No JTA platform available (set 'hibernate.transaction.jta.platform' to enable JTA platform integration)
2026-07-11T14:27:30.455+05:30  INFO 14548 --- [backend] [           main] j.LocalContainerEntityManagerFactoryBean : Initialized JPA EntityManagerFactory for persistence unit 'default'
2026-07-11T14:27:31.366+05:30  INFO 14548 --- [backend] [           main] c.s.backend.service.CloudinaryService    : Cloudinary service initialized successfully.
2026-07-11T14:27:31.435+05:30  INFO 14548 --- [backend] [           main] c.studymate.backend.service.GroqService  : Groq service initialized with model: llama-3.1-8b-instant
2026-07-11T14:27:32.040+05:30  WARN 14548 --- [backend] [           main] JpaBaseConfiguration$JpaWebConfiguration : spring.jpa.open-in-view is enabled by default. Therefore, database queries may be performed during view rendering. Explicitly configure spring.jpa.open-in-view to disable this warning
2026-07-11T14:27:33.053+05:30  INFO 14548 --- [backend] [           main] o.s.b.a.h2.H2ConsoleAutoConfiguration    : H2 console available at '/h2-console'. Database available at 'jdbc:h2:mem:studymatedb'
2026-07-11T14:27:33.195+05:30  INFO 14548 --- [backend] [           main] c.s.backend.BackendApplicationTests      : Started BackendApplicationTests in 14.47 seconds (process running for 18.623)
Q: Who developed Java?
Options: [James Gosling, Bill Gates, Steve Jobs, Linus Torvalds]
Correct Option Index: 0
Explanation: James Gosling is credited with developing Java at Sun Microsystems.
---
Q: In what year was Java released?
Options: [1990, 1995, 2000, 2005]
Correct Option Index: 1
Explanation: Java was released in 1995 by James Gosling at Sun Microsystems.
---
Q: What is one of the key features of Java?
Options: [Dynamic Type Safety, Strong Type Safety, Weak Type Safety, No Type Safety]
Correct Option Index: 1
Explanation: Strong Type Safety is one of the key features of Java, ensuring that the type of a variable is known at compile time.
---
Q: What is the primary purpose of the JVM in Java?
Options: [Garbage Collection, Platform Independence, Strong Type Safety, Compile once, run anywhere]
Correct Option Index: 3
Explanation: The JVM (Java Virtual Machine) allows Java code to run on any platform that has a JVM installed, making it 'Compile once, run anywhere'.
---
Q: What is the type of programming language that Java is?
Options: [Script-based, Class-based, Object-oriented, Functional]
Correct Option Index: 2
Explanation: Java is a class-based, object-oriented programming language, which means it uses classes and objects to organize and structure code.
---
[INFO] Tests run: 2, Failures: 0, Errors: 0, Skipped: 0, Time elapsed: 19.38 s -- in com.studymate.backend.BackendApplicationTests
[INFO] 
[INFO] Results:
[INFO] 
[INFO] Tests run: 2, Failures: 0, Errors: 0, Skipped: 0
[INFO] 
[INFO] ------------------------------------------------------------------------
[INFO] BUILD SUCCESS
[INFO] ------------------------------------------------------------------------
[INFO] Total time:  53.139 s
[INFO] Finished at: 2026-07-11T14:27:36+05:30
[INFO] ------------------------------------------------------------------------
